Script started on Wed 08 May 2019 08:01:02 PM EDT
ekm6@gold14:~/CS232/proj05$ cat C[K[K ma[K[KMakefi[K[K[K[K[K[KCaesarCipherServer.java
/* CaesarCipher.java defines the CaesarCipherServer class
 *
 * usage: <portNumber>
 * Input: user string
 * Output: caeser chipher of user string
 * 
 * Name: Enoch Mwesigwa
 * Date: 5/6/19
 *  */
import java.awt.SystemTray;
import java.io.BufferedReader;
import java.io.IOException;
import java.io.InputStreamReader;
import java.io.OutputStreamWriter;
import java.io.PrintWriter;

import java.net.ServerSocket;
import java.net.Socket;
import java.text.SimpleDateFormat;
import java.util.Calendar;
 
public class CaesarCipherServer {
   ServerSocket myServerSocket;
   boolean ServerOn = true;

   public CaesarCipherServer(int portNumber) { 
      
      //creates a parent socket
      try {
         myServerSocket = new ServerSocket(portNumber);
         System.out.println("Sever connected to port " + portNumber + " successfully\n");
      } catch(IOException ioe) { 
         System.out.println("Error: unable create server socket on port" + portNumber + " exiting...");
         System.exit(-1);
      } 
		
      
      
      while(ServerOn) { 
         try 
         { 
            System.out.println("Searching...");
            Socket clientSocket = myServerSocket.accept();              //accepts client connection
            System.out.println("Found a client...");
            CipherThread cliThread = new CipherThread(clientSocket);    //creates child socket
            cliThread.start(); 
         } 
         catch(IOException ioe) {    
            System.out.println("Error: exception found on accept. Ignoring. Stack Trace :"); 
            ioe.printStackTrace(); 
         }  
      } 

      try { 
         myServerSocket.close(); 
         System.out.println("Server Stopped"); 
      } catch(Exception ioe) { 
         System.out.println("Error: unable to stop server socket"); 
         System.exit(-1); 
      } 
   }
	
   public static void main (String[] args) {
      System.out.println("CaesarCipherServer v.1 started...\n");
      int portNumber = Integer.parseInt(args[0]); 
      new CaesarCipherServer(portNumber);        
   } 
   
   //defines children class of socket
   class CipherThread extends Thread { 
      Socket myClientSocket;
      boolean ThreadRuning = true; 
      public CipherThread() { 
         super(); 
      } 
		
      CipherThread(Socket s) { 
         myClientSocket = s; 
      } 
      
      /* run() recieves a number from the client,
       * if its valid, it sends it back and calls
       * encrypt() to encode futher input from the client
       * if not valid, terminates thread
       * preconditon: thread is created
       * postcondition: 
      */
      public void run() {
         
         //displays time
         Calendar now = Calendar.getInstance();
         SimpleDateFormat formatter = new SimpleDateFormat( "E yyyy.MM.dd 'at' hh:mm:ss a zzz" );
         System.out.println("Time is : " + formatter.format(now.getTime()));

         BufferedReader in = null; 
         PrintWriter out = null; 
         int rotNum = 3;
         System.out.println( "Accepted Client Address - " + myClientSocket.getInetAddress().getHostName() );
         try 
         { 
            //initialize varibales to be used in loop
            in = new BufferedReader( new InputStreamReader(myClientSocket.getInputStream()) );
            out = new PrintWriter( new OutputStreamWriter(myClientSocket.getOutputStream()) );
            boolean rotNumNotSet = true;
            String clientInput= "*****";
            while(ThreadRuning) { 
               
               //checks if the rotation number is valid
               if( rotNumNotSet)
               {
                  clientInput = in.readLine(); 
                  System.out.println( "Recieved input: " + clientInput);

                  if ( clientInput.matches("-?\\d+(\\.\\d+)?") ) {
                     rotNum = Integer.parseInt(clientInput);

                     System.out.print("Input is an integer...\n");
   
                     if (rotNum < 27 && rotNum > 0 ) {  
                        System.out.println("Input is within 1 and 26...\n");
                        out.println(clientInput);                                   //sends it back to client
                        rotNumNotSet = false;                                       // signifies that the rotation number is set
                        out.flush();                                                          // if statement won't run on future loops
                     }
                     else {  
                        System.out.println("Value is not within 1-26.\nClosing thread.");
                        out.println("Value is not within 1-26. Closing thread....");
                        out.flush();
                        ThreadRuning = false;                                            //terminates thread
                     }
                  } 
                  else
                  {  
                     System.out.println("Value is not an integer. \nClosing thread");
                     out.println("Value is not an integer. Closing thread...");
                     out.flush();
                     ThreadRuning = false;                                             //terminates thread
                  }
               }

              //terminates if clent sends "quit"
               if(clientInput.equalsIgnoreCase("quit")) {                          
                  ThreadRuning = false;
                  System.out.print("Stopping client thread for client : ");
               } 
               
               System.out.println( "*******");
               clientInput = in.readLine(); 
               System.out.println( "Recieved input: " + clientInput);
               System.out.println("encrypting...\n");

               StringBuffer text;
               text = encrypt(clientInput, rotNum);
               
               System.out.println("sending...\n");
               
               out.println(text);
               out.flush();
               
               System.out.println("Completed...\n ");
               System.out.println( "*******");

            } 
            
         } 
         catch(Exception e) { 
            e.printStackTrace(); 
         } 
         finally { 
            try { 
               in.close(); 
               out.close(); 
               myClientSocket.close(); 
               System.out.println("...Stopped"); 
            } catch(IOException ioe) { 
               ioe.printStackTrace(); 
            } 
         } 
      }

   /* encrypt() is a method that encripts a string into a caesar cipher
    * Recieve: String- message, int- num 
    * Return: encrypted stringBuffer "result"
   **************************************************************/
      public  StringBuffer encrypt (String message, int num){
         
         StringBuffer result= new StringBuffer(); 
  
         for (int i=0; i<message.length(); i++) 
         { 
             if (Character.isUpperCase(message.charAt(i))) 
             { 
                 char ch = (char)(((int)message.charAt(i) + 
                                  num- 65) % 26 + 65); 
                 result.append(ch); 
             } 
             else
             { 
                 char ch = (char)(((int)message.charAt(i) + 
                                  num- 97) % 26 + 97); 
                 result.append(ch); 
             } 
         } 
         return result; 
         } 
   } 
}ekm6@gold14:~/CS232/proj05$ cat Makefile 
Both: Client Server
Server: CaesarCipherServer.class
Client: Client.class

Client.class: Client.java
	javac -deprecation Client.java

CaesarCipherServer.class: CaesarCipherServer.java
	javac -deprecation CaesarCipherServer.java

clean:
	rm -f *.class *~ *#
ekm6@gold14:~/CS232/proj05$ ,ale[K[K[K[Kmake Server
make: Nothing to be done for 'Server'.
ekm6@gold14:~/CS232/proj05$ make Servercat Makefile CaesarCipherServer.java[4Pjava Client brooks 9876CaesarCipherServer 999988[C[C[C[C[C[C[C[C[C[C[C[C[C[C[C[C[C[C[C[C[C[C[C[C[C[C[C[Cmake Both[K[K[K[K[K[K[K[K[K[Kjava CaesarCipherServer 9999
CaesarCipherServer v.1 started...

Sever connected to port 9999 successfully

Searching...
Found a client...
Searching...
Time is : Wed 2019.05.08 at 08:03:15 PM EDT
Accepted Client Address - gold15.cs.calvin.edu
Recieved input: 1
Input is an integer...
Input is within 1 and 26...

*******
Recieved input: a
encrypting...

sending...

Completed...
 
*******
*******
Recieved input: b
encrypting...

sending...

Completed...
 
*******
*******
Recieved input: c
encrypting...

sending...

Completed...
 
*******
*******
Recieved input: null
encrypting...

java.lang.NullPointerException
	at CaesarCipherServer$CipherThread.encrypt(CaesarCipherServer.java:189)
	at CaesarCipherServer$CipherThread.run(CaesarCipherServer.java:153)
...Stopped
Found a client...
Searching...
Time is : Wed 2019.05.08 at 08:03:24 PM EDT
Accepted Client Address - gold15.cs.calvin.edu
Recieved input: 3
Input is an integer...
Input is within 1 and 26...

*******
Recieved input: cat
encrypting...

sending...

Completed...
 
*******
*******
Recieved input: dog
encrypting...

sending...

Completed...
 
*******
*******
Recieved input: fish
encrypting...

sending...

Completed...
 
*******
*******
Recieved input: null
encrypting...

java.lang.NullPointerException
	at CaesarCipherServer$CipherThread.encrypt(CaesarCipherServer.java:189)
	at CaesarCipherServer$CipherThread.run(CaesarCipherServer.java:153)
...Stopped
Found a client...
Searching...
Time is : Wed 2019.05.08 at 08:04:03 PM EDT
Accepted Client Address - gold15.cs.calvin.edu
Recieved input: 10
Input is an integer...
Input is within 1 and 26...

*******
Recieved input: a
encrypting...

sending...

Completed...
 
*******
*******
Recieved input: z
encrypting...

sending...

Completed...
 
*******
*******
Recieved input: BaD
encrypting...

sending...

Completed...
 
*******
*******
Recieved input: null
encrypting...

java.lang.NullPointerException
	at CaesarCipherServer$CipherThread.encrypt(CaesarCipherServer.java:189)
	at CaesarCipherServer$CipherThread.run(CaesarCipherServer.java:153)
...Stopped
Found a client...
Searching...
Time is : Wed 2019.05.08 at 08:04:41 PM EDT
Accepted Client Address - gold15.cs.calvin.edu
Recieved input: 2
Input is an integer...
Input is within 1 and 26...

*******
Recieved input: fish
encrypting...

sending...

Completed...
 
*******
*******

Found a client...
Searching...
Time is : Wed 2019.05.08 at 08:06:46 PM EDT
Accepted Client Address - gold12.cs.calvin.edu
Recieved input: 1
Input is an integer...
Input is within 1 and 26...

*******
Recieved input: a
encrypting...

sending...

Completed...
 
*******
*******
Recieved input: c
encrypting...

sending...

Completed...
 
*******
*******
Recieved input: d
encrypting...

sending...

Completed...
 
*******
*******
Recieved input: fish
encrypting...

sending...

Completed...
 
*******
*******
Recieved input: null
encrypting...

java.lang.NullPointerException
	at CaesarCipherServer$CipherThread.encrypt(CaesarCipherServer.java:189)
	at CaesarCipherServer$CipherThread.run(CaesarCipherServer.java:153)
...Stopped
Found a client...
Searching...
Time is : Wed 2019.05.08 at 08:07:07 PM EDT
Accepted Client Address - gold12.cs.calvin.edu
Recieved input: 3
Input is an integer...
Input is within 1 and 26...

*******
Recieved input: dog
encrypting...

sending...

Completed...
 
*******
*******
Recieved input: cat
encrypting...

sending...

Completed...
 
*******
*******
Recieved input: bunny
encrypting...

sending...

Completed...
 
*******
*******
Recieved input: null
encrypting...

java.lang.NullPointerException
	at CaesarCipherServer$CipherThread.encrypt(CaesarCipherServer.java:189)
	at CaesarCipherServer$CipherThread.run(CaesarCipherServer.java:153)
...Stopped
Found a client...
Searching...
Time is : Wed 2019.05.08 at 08:07:29 PM EDT
Accepted Client Address - gold12.cs.calvin.edu
Recieved input: 45
Input is an integer...
Value is not within 1-26.
Closing thread.
*******
Recieved input: null
encrypting...

java.lang.NullPointerException
	at CaesarCipherServer$CipherThread.encrypt(CaesarCipherServer.java:189)
	at CaesarCipherServer$CipherThread.run(CaesarCipherServer.java:153)
...Stopped
Found a client...
Searching...
Time is : Wed 2019.05.08 at 08:07:36 PM EDT
Accepted Client Address - gold12.cs.calvin.edu
Recieved input: fish
Value is not an integer. 
Closing thread
*******
Recieved input: null
encrypting...

java.lang.NullPointerException
	at CaesarCipherServer$CipherThread.encrypt(CaesarCipherServer.java:189)
	at CaesarCipherServer$CipherThread.run(CaesarCipherServer.java:153)
...Stopped
^Cekm6@gold14:~/CS232/proj05$ exit

Script done on Wed 08 May 2019 08:08:12 PM EDT
Script started on Wed 08 May 2019 08:02:31 PM EDT
ekm6@gold15:~/CS232/proj05$ cat Se  Client.java
/* Client.java defines the Client class
 * Purpose: send string to server and echo output
 * Usage: <hostName> <portNumber> 
 * Input: user string
 * Output: caeser chipher of user string
 * 
 * Name: Enoch Mwesigwa
 * Date: 5/6/19
 *  */
import java.io.*;
import java.net.*;
import java.util.Scanner;
 
public class Client {
    public static void main(String[] args) throws IOException {
        
        //makes sure commandline input is valid
        if (args.length != 2) {
            System.err.println(
                "Usage: java Client <host name> <port number>");
            System.exit(1);
        }
 
        String hostName = args[0];
        int portNumber = Integer.parseInt(args[1]);
        
        //creates I/0 objects for socket
		try 
		(   
            Socket mySocket = new Socket(hostName, portNumber);
            PrintWriter out =
                new PrintWriter(mySocket.getOutputStream(), true);
            BufferedReader in =
                new BufferedReader(
                    new InputStreamReader(mySocket.getInputStream()));
            BufferedReader stdIn =
                new BufferedReader(
                    new InputStreamReader(System.in))
		) 
		{	
			System.out.println("Welcome to the the Ceaser Cipher v1.0");
			System.out.println("Enter the rotation number:");
            String userInput;
            
            //loop runs until user enters "quit"
            while ( !(userInput = stdIn.readLine()).equals("quit") ) {
				out.println(userInput);
                System.out.println( "Ciphered: " + in.readLine());
                out.flush();
            }
		} 
		catch (UnknownHostException e) {
            System.err.println(hostName + " at port number " + portNumber + " was unfound");
            System.exit(1); } 
		catch (IOException e) {
            System.err.println("Invalid entry for to " +
                hostName);
            System.exit(1); } 
    }
}ekm6@gold15:~/CS232/proj05$ cat Makefile 
Both: Client Server
Server: CaesarCipherServer.class
Client: Client.class

Client.class: Client.java
	javac -deprecation Client.java

CaesarCipherServer.class: CaesarCipherServer.java
	javac -deprecation CaesarCipherServer.java

clean:
	rm -f *.class *~ *#
ekm6@gold15:~/CS232/proj05$ make Ser   Client. 
make: Nothing to be done for 'Client'.
ekm6@gold15:~/CS232/proj05$ java Client.  gold14 9999
Welcome to the the Ceaser Cipher v1.0
Enter the rotation number:
1
Ciphered: 1
a
Ciphered: b
b
Ciphered: c
c
Ciphered: d
quit
ekm6@gold15:~/CS232/proj05$ java Client gold14 9999
Welcome to the the Ceaser Cipher v1.0
Enter the rotation number:
3
Ciphered: 3
cat
Ciphered: fdw
dog
Ciphered: grj
fish
Ciphered: ilvk
quit
ekm6@gold15:~/CS232/proj05$ java Client gold14 9999
Welcome to the the Ceaser Cipher v1.0
Enter the rotation number:
10
Ciphered: 10
a
Ciphered: k
z
Ciphered: j
bad   BAD  ad D
Ciphered: LkN
quit
ekm6@gold15:~/CS232/proj05$ java Client gold14 9999
Welcome to the the Ceaser Cipher v1.0
Enter the rotation number:
2
Ciphered: 2
fish
Ciphered: hkuj
quit
ekm6@gold15:~/CS232/proj05$ exit

Script done on Wed 08 May 2019 08:08:33 PM EDT
Script started on Wed 08 May 2019 08:06:00 PM EDT
ekm6@gold12:~/CS232/proj05$ s make Client. 
make: Nothing to be done for 'Client'.
ekm6@gold12:~/CS232/proj05$ java Client gold14 9999
Welcome to the the Ceaser Cipher v1.0
Enter the rotation number:
1
Ciphered: 1
a
Ciphered: b
c
Ciphered: d
d
Ciphered: e
fish
Ciphered: gjti
quit
ekm6@gold12:~/CS232/proj05$ java Client gold14 9999
Welcome to the the Ceaser Cipher v1.0
Enter the rotation number:
d g 3
Ciphered: 3
dog
Ciphered: grj
cat
Ciphered: fdw
fish    bunny
Ciphered: exqqb
quit
ekm6@gold12:~/CS232/proj05$ java Client gold14 9999
Welcome to the the Ceaser Cipher v1.0
Enter the rotation number:
45
Ciphered: Value is not within 1-26. Closing thread....
quit
ekm6@gold12:~/CS232/proj05$ java Client gold14 9999
Welcome to the the Ceaser Cipher v1.0
Enter the rotation number:
fish
Ciphered: Value is not an integer. Closing thread...
quit
ekm6@gold12:~/CS232/proj05$ exit

Script done on Wed 08 May 2019 08:07:47 PM EDT
